Release 14.7 - xst P.20131013 (nt64)
Copyright (c) 1995-2013 Xilinx, Inc.  All rights reserved.
--> Parameter TMPDIR set to xst/projnav.tmp


Total REAL time to Xst completion: 0.00 secs
Total CPU time to Xst completion: 0.15 secs
 
--> Parameter xsthdpdir set to xst


Total REAL time to Xst completion: 0.00 secs
Total CPU time to Xst completion: 0.15 secs
 
--> Reading design: top_RAM_B.prj

TABLE OF CONTENTS
  1) Synthesis Options Summary
  2) HDL Parsing
  3) HDL Elaboration
  4) HDL Synthesis
       4.1) HDL Synthesis Report
  5) Advanced HDL Synthesis
       5.1) Advanced HDL Synthesis Report
  6) Low Level Synthesis
  7) Partition Report
  8) Design Summary
       8.1) Primitive and Black Box Usage
       8.2) Device utilization summary
       8.3) Partition Resource Summary
       8.4) Timing Report
            8.4.1) Clock Information
            8.4.2) Asynchronous Control Signals Information
            8.4.3) Timing Summary
            8.4.4) Timing Details
            8.4.5) Cross Clock Domains Report


=========================================================================
*                      Synthesis Options Summary                        *
=========================================================================
---- Source Parameters
Input File Name                    : "top_RAM_B.prj"
Ignore Synthesis Constraint File   : NO

---- Target Parameters
Output File Name                   : "top_RAM_B"
Output Format                      : NGC
Target Device                      : xc7a100t-2L-fgg484

---- Source Options
Top Module Name                    : top_RAM_B
Automatic FSM Extraction           : YES
FSM Encoding Algorithm             : Auto
Safe Implementation                : No
FSM Style                          : LUT
RAM Extraction                     : Yes
RAM Style                          : Auto
ROM Extraction                     : Yes
Shift Register Extraction          : YES
ROM Style                          : Auto
Resource Sharing                   : YES
Asynchronous To Synchronous        : NO
Shift Register Minimum Size        : 2
Use DSP Block                      : Auto
Automatic Register Balancing       : No

---- Target Options
LUT Combining                      : Auto
Reduce Control Sets                : Auto
Add IO Buffers                     : YES
Global Maximum Fanout              : 100000
Add Generic Clock Buffer(BUFG)     : 32
Register Duplication               : YES
Optimize Instantiated Primitives   : NO
Use Clock Enable                   : Auto
Use Synchronous Set                : Auto
Use Synchronous Reset              : Auto
Pack IO Registers into IOBs        : Auto
Equivalent register Removal        : YES

---- General Options
Optimization Goal                  : Speed
Optimization Effort                : 1
Power Reduction                    : NO
Keep Hierarchy                     : No
Netlist Hierarchy                  : As_Optimized
RTL Output                         : Yes
Global Optimization                : AllClockNets
Read Cores                         : YES
Write Timing Constraints           : NO
Cross Clock Analysis               : NO
Hierarchy Separator                : /
Bus Delimiter                      : <>
Case Specifier                     : Maintain
Slice Utilization Ratio            : 100
BRAM Utilization Ratio             : 100
DSP48 Utilization Ratio            : 100
Auto BRAM Packing                  : NO
Slice Utilization Ratio Delta      : 5

---- Other Options
Cores Search Directories           : {"ipcore_dir"  }

=========================================================================


=========================================================================
*                          HDL Parsing                                  *
=========================================================================
Analyzing Verilog file "D:\zuchengyuanli\cuncuqi_s\ipcore_dir\RAMB.v" into library work
Parsing module <RAMB>.
Analyzing Verilog file "D:\zuchengyuanli\cuncuqi_s\top.v" into library work
Parsing module <top_RAM_B>.
Parsing module <clk_show>.
Parsing module <show>.

=========================================================================
*                            HDL Elaboration                            *
=========================================================================

Elaborating module <top_RAM_B>.

Elaborating module <RAMB>.
WARNING:HDLCompiler:1499 - "D:\zuchengyuanli\cuncuqi_s\ipcore_dir\RAMB.v" Line 39: Empty module <RAMB> remains a black box.

Elaborating module <clk_show>.

Elaborating module <show>.
WARNING:HDLCompiler:189 - "D:\zuchengyuanli\cuncuqi_s\top.v" Line 55: Size mismatch in connection of port <clr>. Formal port size is 1-bit while actual signal size is 32-bit.

=========================================================================
*                           HDL Synthesis                               *
=========================================================================

Synthesizing Unit <top_RAM_B>.
    Related source file is "D:\zuchengyuanli\cuncuqi_s\top.v".
    Summary:
	inferred   2 Multiplexer(s).
Unit <top_RAM_B> synthesized.

Synthesizing Unit <clk_show>.
    Related source file is "D:\zuchengyuanli\cuncuqi_s\top.v".
    Found 12-bit register for signal <counter>.
    Found 1-bit register for signal <clk_out>.
    Found 12-bit adder for signal <counter[11]_GND_3_o_add_2_OUT> created at line 70.
    Summary:
	inferred   1 Adder/Subtractor(s).
	inferred  13 D-type flip-flop(s).
Unit <clk_show> synthesized.

Synthesizing Unit <show>.
    Related source file is "D:\zuchengyuanli\cuncuqi_s\top.v".
    Found 4-bit register for signal <an>.
    Found 4-bit register for signal <data>.
    Found 3-bit register for signal <BitSel>.
    Found 3-bit adder for signal <BitSel[2]_GND_4_o_add_2_OUT> created at line 108.
    Found 16x8-bit Read Only RAM for signal <seg>
    Found 8x4-bit Read Only RAM for signal <BitSel[2]_PWR_4_o_wide_mux_11_OUT>
    Found 4-bit 8-to-1 multiplexer for signal <BitSel[2]_Data[31]_wide_mux_12_OUT> created at line 109.
    Summary:
	inferred   2 RAM(s).
	inferred   1 Adder/Subtractor(s).
	inferred  11 D-type flip-flop(s).
	inferred   1 Multiplexer(s).
Unit <show> synthesized.

=========================================================================
HDL Synthesis Report

Macro Statistics
# RAMs                                                 : 2
 16x8-bit single-port Read Only RAM                    : 1
 8x4-bit single-port Read Only RAM                     : 1
# Adders/Subtractors                                   : 2
 12-bit adder                                          : 1
 3-bit adder                                           : 1
# Registers                                            : 5
 1-bit register                                        : 1
 12-bit register                                       : 1
 3-bit register                                        : 1
 4-bit register                                        : 2
# Multiplexers                                         : 3
 32-bit 2-to-1 multiplexer                             : 2
 4-bit 8-to-1 multiplexer                              : 1

=========================================================================

=========================================================================
*                       Advanced HDL Synthesis                          *
=========================================================================

Reading core <ipcore_dir/RAMB.ngc>.
Loading core <RAMB> for timing and area information for instance <your_instance_name>.

Synthesizing (advanced) Unit <clk_show>.
The following registers are absorbed into counter <counter>: 1 register on signal <counter>.
Unit <clk_show> synthesized (advanced).

Synthesizing (advanced) Unit <show>.
The following registers are absorbed into counter <BitSel>: 1 register on signal <BitSel>.
INFO:Xst:3231 - The small RAM <Mram_seg> will be implemented on LUTs in order to maximize performance and save block RAM resources. If you want to force its implementation on block, use option/constraint ram_style.
    -----------------------------------------------------------------------
    | ram_type           | Distributed                         |          |
    -----------------------------------------------------------------------
    | Port A                                                              |
    |     aspect ratio   | 16-word x 8-bit                     |          |
    |     weA            | connected to signal <GND>           | high     |
    |     addrA          | connected to signal <data>          |          |
    |     diA            | connected to signal <GND>           |          |
    |     doA            | connected to signal <seg>           |          |
    -----------------------------------------------------------------------
INFO:Xst:3231 - The small RAM <Mram_BitSel[2]_PWR_4_o_wide_mux_11_OUT> will be implemented on LUTs in order to maximize performance and save block RAM resources. If you want to force its implementation on block, use option/constraint ram_style.
    -----------------------------------------------------------------------
    | ram_type           | Distributed                         |          |
    -----------------------------------------------------------------------
    | Port A                                                              |
    |     aspect ratio   | 8-word x 4-bit                      |          |
    |     weA            | connected to signal <GND>           | high     |
    |     addrA          | connected to signal <BitSel>        |          |
    |     diA            | connected to signal <GND>           |          |
    |     doA            | connected to internal node          |          |
    -----------------------------------------------------------------------
Unit <show> synthesized (advanced).

=========================================================================
Advanced HDL Synthesis Report

Macro Statistics
# RAMs                                                 : 2
 16x8-bit single-port distributed Read Only RAM        : 1
 8x4-bit single-port distributed Read Only RAM         : 1
# Counters                                             : 2
 12-bit up counter                                     : 1
 3-bit up counter                                      : 1
# Registers                                            : 9
 Flip-Flops                                            : 9
# Multiplexers                                         : 3
 32-bit 2-to-1 multiplexer                             : 2
 4-bit 8-to-1 multiplexer                              : 1

=========================================================================

=========================================================================
*                         Low Level Synthesis                           *
=========================================================================
WARNING:Xst:1710 - FF/Latch <an_3> (without init value) has a constant value of 1 in block <show>. This FF/Latch will be trimmed during the optimization process.
INFO:Xst:2261 - The FF/Latch <BitSel_0> in Unit <show> is equivalent to the following FF/Latch, which will be removed : <an_0> 

Optimizing unit <top_RAM_B> ...

Optimizing unit <show> ...

Mapping all equations...
Building and optimizing final netlist ...
Found area constraint ratio of 100 (+ 5) on block top_RAM_B, actual ratio is 0.

Final Macro Processing ...

=========================================================================
Final Register Report

Macro Statistics
# Registers                                            : 22
 Flip-Flops                                            : 22

=========================================================================

=========================================================================
*                           Partition Report                            *
=========================================================================

Partition Implementation Status
-------------------------------

  No Partitions were found in this design.

-------------------------------

=========================================================================
*                            Design Summary                             *
=========================================================================

Top Level Output File Name         : top_RAM_B.ngc

Primitive and Black Box Usage:
------------------------------
# BELS                             : 107
#      GND                         : 2
#      INV                         : 4
#      LUT1                        : 11
#      LUT2                        : 37
#      LUT3                        : 7
#      LUT4                        : 7
#      LUT6                        : 10
#      MUXCY                       : 11
#      MUXF7                       : 4
#      VCC                         : 2
#      XORCY                       : 12
# FlipFlops/Latches                : 22
#      FD                          : 10
#      FDE                         : 1
#      FDR                         : 11
# RAMS                             : 1
#      RAMB18E1                    : 1
# Clock Buffers                    : 2
#      BUFGP                       : 2
# IO Buffers                       : 21
#      IBUF                        : 9
#      OBUF                        : 12

Device utilization summary:
---------------------------

Selected Device : 7a100tfgg484-2l 


Slice Logic Utilization: 
 Number of Slice Registers:              22  out of  126800     0%  
 Number of Slice LUTs:                   76  out of  63400     0%  
    Number used as Logic:                76  out of  63400     0%  

Slice Logic Distribution: 
 Number of LUT Flip Flop pairs used:     76
   Number with an unused Flip Flop:      54  out of     76    71%  
   Number with an unused LUT:             0  out of     76     0%  
   Number of fully used LUT-FF pairs:    22  out of     76    28%  
   Number of unique control sets:         4

IO Utilization: 
 Number of IOs:                          23
 Number of bonded IOBs:                  23  out of    285     8%  

Specific Feature Utilization:
 Number of Block RAM/FIFO:                1  out of    135     0%  
    Number using Block RAM only:          1
 Number of BUFG/BUFGCTRLs:                2  out of     32     6%  

---------------------------
Partition Resource Summary:
---------------------------

  No Partitions were found in this design.

---------------------------


=========================================================================
Timing Report

NOTE: THESE TIMING NUMBERS ARE ONLY A SYNTHESIS ESTIMATE.
      FOR ACCURATE TIMING INFORMATION PLEASE REFER TO THE TRACE REPORT
      GENERATED AFTER PLACE-and-ROUTE.

Clock Information:
------------------
-----------------------------------+------------------------+-------+
Clock Signal                       | Clock buffer(FF name)  | Load  |
-----------------------------------+------------------------+-------+
clk_s                              | BUFGP                  | 13    |
clk_show0/clk_out                  | NONE(show0/BitSel_2)   | 9     |
Clk                                | BUFGP                  | 1     |
-----------------------------------+------------------------+-------+
INFO:Xst:2169 - HDL ADVISOR - Some clock signals were not automatically buffered by XST with BUFG/BUFR resources. Please use the buffer_type constraint in order to insert these buffers to the clock signals to help prevent skew problems.

Asynchronous Control Signals Information:
----------------------------------------
No asynchronous control signals found in this design

Timing Summary:
---------------
Speed Grade: -2

   Minimum period: 2.662ns (Maximum Frequency: 375.721MHz)
   Minimum input arrival time before clock: 1.867ns
   Maximum output required time after clock: 1.525ns
   Maximum combinational path delay: No path found

Timing Details:
---------------
All values displayed in nanoseconds (ns)

=========================================================================
Timing constraint: Default period analysis for Clock 'clk_s'
  Clock period: 2.662ns (frequency: 375.721MHz)
  Total number of paths / destination ports: 235 / 25
-------------------------------------------------------------------------
Delay:               2.662ns (Levels of Logic = 2)
  Source:            clk_show0/counter_6 (FF)
  Destination:       clk_show0/counter_1 (FF)
  Source Clock:      clk_s rising
  Destination Clock: clk_s rising

  Data Path: clk_show0/counter_6 to clk_show0/counter_1
                                Gate     Net
    Cell:in->out      fanout   Delay   Delay  Logical Name (Net Name)
    ----------------------------------------  ------------
     FDR:C->Q              2   0.398   0.798  clk_show0/counter_6 (clk_show0/counter_6)
     LUT6:I0->O            3   0.105   0.463  clk_show0/counter[11]_GND_3_o_equal_2_o<11>1 (clk_show0/counter[11]_GND_3_o_equal_2_o<11>)
     LUT2:I0->O           11   0.105   0.395  clk_show0/counter[11]_GND_3_o_equal_2_o<11>3 (clk_show0/counter[11]_GND_3_o_equal_2_o)
     FDR:R                     0.397          clk_show0/counter_1
    ----------------------------------------
    Total                      2.662ns (1.005ns logic, 1.657ns route)
                                       (37.8% logic, 62.2% route)

=========================================================================
Timing constraint: Default period analysis for Clock 'clk_show0/clk_out'
  Clock period: 1.675ns (frequency: 596.926MHz)
  Total number of paths / destination ports: 28 / 9
-------------------------------------------------------------------------
Delay:               1.675ns (Levels of Logic = 2)
  Source:            show0/BitSel_1 (FF)
  Destination:       show0/data_3 (FF)
  Source Clock:      clk_show0/clk_out rising
  Destination Clock: clk_show0/clk_out rising

  Data Path: show0/BitSel_1 to show0/data_3
                                Gate     Net
    Cell:in->out      fanout   Delay   Delay  Logical Name (Net Name)
    ----------------------------------------  ------------
     FD:C->Q              11   0.398   0.849  show0/BitSel_1 (show0/BitSel_1)
     LUT6:I0->O            1   0.105   0.000  show0/Mmux_BitSel[2]_Data[31]_wide_mux_12_OUT_3 (show0/Mmux_BitSel[2]_Data[31]_wide_mux_12_OUT_3)
     MUXF7:I1->O           1   0.308   0.000  show0/Mmux_BitSel[2]_Data[31]_wide_mux_12_OUT_2_f7 (show0/BitSel[2]_Data[31]_wide_mux_12_OUT<0>)
     FD:D                      0.015          show0/data_0
    ----------------------------------------
    Total                      1.675ns (0.826ns logic, 0.849ns route)
                                       (49.3% logic, 50.7% route)

=========================================================================
Timing constraint: Default OFFSET IN BEFORE for Clock 'clk_show0/clk_out'
  Total number of paths / destination ports: 32 / 4
-------------------------------------------------------------------------
Offset:              1.766ns (Levels of Logic = 4)
  Source:            Mem_Write (PAD)
  Destination:       show0/data_3 (FF)
  Destination Clock: clk_show0/clk_out rising

  Data Path: Mem_Write to show0/data_3
                                Gate     Net
    Cell:in->out      fanout   Delay   Delay  Logical Name (Net Name)
    ----------------------------------------  ------------
     IBUF:I->O            42   0.001   0.583  Mem_Write_IBUF (M_W_Data<14>)
     LUT2:I0->O            1   0.105   0.649  Mmux_LED201 (LED<27>)
     LUT6:I2->O            1   0.105   0.000  show0/Mmux_BitSel[2]_Data[31]_wide_mux_12_OUT_33 (show0/Mmux_BitSel[2]_Data[31]_wide_mux_12_OUT_33)
     MUXF7:I1->O           1   0.308   0.000  show0/Mmux_BitSel[2]_Data[31]_wide_mux_12_OUT_2_f7_2 (show0/BitSel[2]_Data[31]_wide_mux_12_OUT<3>)
     FD:D                      0.015          show0/data_3
    ----------------------------------------
    Total                      1.766ns (0.534ns logic, 1.232ns route)
                                       (30.2% logic, 69.8% route)

=========================================================================
Timing constraint: Default OFFSET IN BEFORE for Clock 'Clk'
  Total number of paths / destination ports: 99 / 48
-------------------------------------------------------------------------
Offset:              1.867ns (Levels of Logic = 3)
  Source:            Mem_Write (PAD)
  Destination:       your_instance_name/U0/xst_blk_mem_generator/gnativebmg.native_blk_mem_gen/valid.cstr/ramloop[0].ram.r/v6_init.ram/NO_BMM_INFO.SP.WIDE_PRIM18.ram (RAM)
  Destination Clock: Clk rising

  Data Path: Mem_Write to your_instance_name/U0/xst_blk_mem_generator/gnativebmg.native_blk_mem_gen/valid.cstr/ramloop[0].ram.r/v6_init.ram/NO_BMM_INFO.SP.WIDE_PRIM18.ram
                                Gate     Net
    Cell:in->out      fanout   Delay   Delay  Logical Name (Net Name)
    ----------------------------------------  ------------
     IBUF:I->O            42   0.001   0.731  Mem_Write_IBUF (M_W_Data<14>)
     LUT3:I0->O           10   0.105   0.389  M_W_Data<11>1 (M_W_Data<11>)
     begin scope: 'your_instance_name:dina<30>'
     RAMB18E1:DIBDI14          0.641          U0/xst_blk_mem_generator/gnativebmg.native_blk_mem_gen/valid.cstr/ramloop[0].ram.r/v6_init.ram/NO_BMM_INFO.SP.WIDE_PRIM18.ram
    ----------------------------------------
    Total                      1.867ns (0.747ns logic, 1.120ns route)
                                       (40.0% logic, 60.0% route)

=========================================================================
Timing constraint: Default OFFSET OUT AFTER for Clock 'clk_show0/clk_out'
  Total number of paths / destination ports: 31 / 10
-------------------------------------------------------------------------
Offset:              1.525ns (Levels of Logic = 2)
  Source:            show0/data_1 (FF)
  Destination:       seg<7> (PAD)
  Source Clock:      clk_show0/clk_out rising

  Data Path: show0/data_1 to seg<7>
                                Gate     Net
    Cell:in->out      fanout   Delay   Delay  Logical Name (Net Name)
    ----------------------------------------  ------------
     FD:C->Q               7   0.398   0.683  show0/data_1 (show0/data_1)
     LUT4:I0->O            1   0.105   0.339  show0/seg<4>1 (seg_4_OBUF)
     OBUF:I->O                 0.000          seg_4_OBUF (seg<4>)
    ----------------------------------------
    Total                      1.525ns (0.503ns logic, 1.022ns route)
                                       (33.0% logic, 67.0% route)

=========================================================================

Cross Clock Domains Report:
--------------------------

Clock to Setup on destination clock clk_s
---------------+---------+---------+---------+---------+
               | Src:Rise| Src:Fall| Src:Rise| Src:Fall|
Source Clock   |Dest:Rise|Dest:Rise|Dest:Fall|Dest:Fall|
---------------+---------+---------+---------+---------+
clk_s          |    2.662|         |         |         |
---------------+---------+---------+---------+---------+

Clock to Setup on destination clock clk_show0/clk_out
-----------------+---------+---------+---------+---------+
                 | Src:Rise| Src:Fall| Src:Rise| Src:Fall|
Source Clock     |Dest:Rise|Dest:Rise|Dest:Fall|Dest:Fall|
-----------------+---------+---------+---------+---------+
Clk              |    3.664|         |         |         |
clk_show0/clk_out|    1.675|         |         |         |
-----------------+---------+---------+---------+---------+

=========================================================================


Total REAL time to Xst completion: 7.00 secs
Total CPU time to Xst completion: 7.51 secs
 
--> 

Total memory usage is 4683172 kilobytes

Number of errors   :    0 (   0 filtered)
Number of warnings :    3 (   0 filtered)
Number of infos    :    4 (   0 filtered)

